// Jest Snapshot v1, https://goo.gl/fbAQLP

exports[`Modal component smoke 1`] = `
<Modal
  as="div"
  classes={
    Object {
      "bg": "",
      "modal": "",
      "wrapper": "",
    }
  }
  defaultOpen={false}
  onClose={[Function]}
  onOpen={[Function]}
  trigger={
    <Button
      as="button"
      border={false}
      className=""
      classes={
        Object {
          "active": "",
        }
      }
      fluid={false}
      isActive={false}
    >
      Check
    </Button>
  }
>
  <Button
    as="button"
    border={false}
    className=""
    classes={
      Object {
        "active": "",
      }
    }
    fluid={false}
    isActive={false}
    onClick={[Function]}
  >
    <button
      className=" button undefined"
      onClick={[Function]}
    >
      Check
    </button>
  </Button>
  <Portal
    containerInfo={
      <body>
        <div
          class="wrapper"
        >
          <div
            class="modal"
          >
             
            <span>
              Any internal modal text
            </span>
             
          </div>
          <div
            class="dimmed"
          />
        </div>
      </body>
    }
  >
    <div
      className="wrapper"
    >
      <div
        className="modal"
      >
         
        <span>
          Any internal modal text
        </span>
         
      </div>
      <div
        className="dimmed"
        onClick={[Function]}
      />
    </div>
  </Portal>
</Modal>
`;
